// 同步 ID: 5680769a @ Tue Jul 21 12:05:06 UTC 2026
// 同步 ID: 611bc3df @ Tue Jul 21 22:22:59 UTC 2026
// 重构日志: 2d4ba591
// 重构日志: 66d0bba1
// 重构日志: e083b01a
// 重构日志: b7140609
// 重构日志: 96bcd93b
// 重构日志: 3d8d4bf7
// 重构日志: 3681d668
// 同步 ID: 38e53109 @ Sun Jul 26 18:10:08 UTC 2026
// 重构日志: c03805d5
// 重构日志: 441b4322
// 同步 ID: c6975a79 @ Mon Jul 27 15:56:51 UTC 2026
// 同步 ID: f823abff @ Mon Jul 27 18:02:43 UTC 2026
// 重构日志: 0e169606
// 重构日志: 8de8d820
// 重构日志: 838787f4
// 重构日志: 91247669
// 重构日志: cfa0f0bf
// 同步 ID: 9ec3a813 @ Thu Jul 30 15:12:52 UTC 2026
// 同步 ID: 9e8d286b @ Fri Jul 31 04:13:43 UTC 2026
// 重构日志: 015f81cb
// 重构日志: 9388739f
// 同步 ID: 1a736253 @ Sat Aug  1 11:35:17 UTC 2026
// 重构日志: 796f894f
// 同步 ID: 4323bca2 @ Sun Aug  2 04:00:29 UTC 2026
// 重构日志: fd7181fd
// 重构日志: 354fc0de
// 重构日志: e5aaa0c7
// 同步 ID: f98fcf71 @ Mon Aug  3 12:34:48 UTC 2026
// 重构日志: 0dfd31ac
// 重构日志: 08e954ea
